01-Basic.zip: incomplete (136843264/703191516 bytes)
02-Semiurban.zip: incomplete (377991168/6375875182 bytes)
03-Rural.zip: incomplete (248066048/1866012065 bytes)
01-Basic.zip: incomplete (225226752/703191516 bytes)
02-Semiurban.zip: incomplete (487837696/6375875182 bytes)
03-Rural.zip: incomplete (346042368/1866012065 bytes)
01-Basic.zip: incomplete (314429440/703191516 bytes)
02-Semiurban.zip: incomplete (586133504/6375875182 bytes)
03-Rural.zip: incomplete (432279552/1866012065 bytes)
01-Basic.zip: incomplete (404164608/703191516 bytes)
02-Semiurban.zip: incomplete (667136000/6375875182 bytes)
03-Rural.zip: incomplete (522706944/1866012065 bytes)
01-Basic.zip: incomplete (490958848/703191516 bytes)
02-Semiurban.zip: incomplete (737992704/6375875182 bytes)
03-Rural.zip: incomplete (602050560/1866012065 bytes)
01-Basic.zip: incomplete (586399744/703191516 bytes)
02-Semiurban.zip: incomplete (836374528/6375875182 bytes)
03-Rural.zip: incomplete (675557376/1866012065 bytes)
01-Basic.zip: incomplete (657166336/703191516 bytes)
02-Semiurban.zip: incomplete (932483072/6375875182 bytes)
03-Rural.zip: incomplete (769789952/1866012065 bytes)
01-Basic.zip: computing MD5 and SHA256
01-Basic.zip: verified; 118 members
02-Semiurban.zip: incomplete (1036365824/6375875182 bytes)
03-Rural.zip: incomplete (872546304/1866012065 bytes)
01-Basic.zip: verified; 118 members
02-Semiurban.zip: incomplete (1130446848/6375875182 bytes)
03-Rural.zip: incomplete (964956160/1866012065 bytes)
01-Basic.zip: verified; 118 members
02-Semiurban.zip: incomplete (1221005312/6375875182 bytes)
03-Rural.zip: incomplete (1064022016/1866012065 bytes)
01-Basic.zip: verified; 118 members
02-Semiurban.zip: incomplete (1303703552/6375875182 bytes)
03-Rural.zip: incomplete (1152036864/1866012065 bytes)
01-Basic.zip: verified; 118 members
02-Semiurban.zip: incomplete (1394524160/6375875182 bytes)
03-Rural.zip: incomplete (1237950464/1866012065 bytes)
01-Basic.zip: verified; 118 members
02-Semiurban.zip: incomplete (1468600320/6375875182 bytes)
03-Rural.zip: incomplete (1317617664/1866012065 bytes)
01-Basic.zip: verified; 118 members
02-Semiurban.zip: incomplete (1530904576/6375875182 bytes)
03-Rural.zip: incomplete (1363750912/1866012065 bytes)
01-Basic.zip: verified; 118 members
02-Semiurban.zip: incomplete (1612279808/6375875182 bytes)
03-Rural.zip: incomplete (1476497408/1866012065 bytes)
01-Basic.zip: verified; 118 members
02-Semiurban.zip: incomplete (1711882240/6375875182 bytes)
03-Rural.zip: incomplete (1578397696/1866012065 bytes)
01-Basic.zip: verified; 118 members
02-Semiurban.zip: incomplete (1802235904/6375875182 bytes)
03-Rural.zip: incomplete (1646923776/1866012065 bytes)
01-Basic.zip: verified; 118 members
02-Semiurban.zip: incomplete (1890328576/6375875182 bytes)
03-Rural.zip: incomplete (1737400320/1866012065 bytes)
01-Basic.zip: verified; 118 members
02-Semiurban.zip: incomplete (1975468032/6375875182 bytes)
03-Rural.zip: incomplete (1812504576/1866012065 bytes)
01-Basic.zip: verified; 118 members
02-Semiurban.zip: incomplete (2054647808/6375875182 bytes)
03-Rural.zip: computing MD5 and SHA256
03-Rural.zip: verified; 93 members
01-Basic.zip: verified; 118 members
02-Semiurban.zip: incomplete (2144653312/6375875182 bytes)
03-Rural.zip: verified; 93 members
01-Basic.zip: verified; 118 members
02-Semiurban.zip: incomplete (2233024512/6375875182 bytes)
03-Rural.zip: verified; 93 members
01-Basic.zip: verified; 118 members
02-Semiurban.zip: incomplete (2321723392/6375875182 bytes)
03-Rural.zip: verified; 93 members
01-Basic.zip: verified; 118 members
02-Semiurban.zip: incomplete (2415472640/6375875182 bytes)
03-Rural.zip: verified; 93 members
01-Basic.zip: verified; 118 members
02-Semiurban.zip: incomplete (2501713920/6375875182 bytes)
03-Rural.zip: verified; 93 members
01-Basic.zip: verified; 118 members
02-Semiurban.zip: incomplete (2569338880/6375875182 bytes)
03-Rural.zip: verified; 93 members
01-Basic.zip: verified; 118 members
02-Semiurban.zip: incomplete (2657034240/6375875182 bytes)
03-Rural.zip: verified; 93 members
01-Basic.zip: verified; 118 members
02-Semiurban.zip: incomplete (2743009280/6375875182 bytes)
03-Rural.zip: verified; 93 members
01-Basic.zip: verified; 118 members
02-Semiurban.zip: incomplete (2823327744/6375875182 bytes)
03-Rural.zip: verified; 93 members
01-Basic.zip: verified; 118 members
02-Semiurban.zip: incomplete (2919571456/6375875182 bytes)
03-Rural.zip: verified; 93 members
01-Basic.zip: verified; 118 members
02-Semiurban.zip: incomplete (3029143552/6375875182 bytes)
03-Rural.zip: verified; 93 members
01-Basic.zip: verified; 118 members
02-Semiurban.zip: incomplete (3114188800/6375875182 bytes)
03-Rural.zip: verified; 93 members
01-Basic.zip: verified; 118 members
02-Semiurban.zip: incomplete (3201875968/6375875182 bytes)
03-Rural.zip: verified; 93 members
01-Basic.zip: verified; 118 members
02-Semiurban.zip: incomplete (3269046272/6375875182 bytes)
03-Rural.zip: verified; 93 members
01-Basic.zip: verified; 118 members
02-Semiurban.zip: incomplete (3345289216/6375875182 bytes)
03-Rural.zip: verified; 93 members
01-Basic.zip: verified; 118 members
02-Semiurban.zip: incomplete (3436367872/6375875182 bytes)
03-Rural.zip: verified; 93 members
01-Basic.zip: verified; 118 members
02-Semiurban.zip: incomplete (3534991360/6375875182 bytes)
03-Rural.zip: verified; 93 members
01-Basic.zip: verified; 118 members
02-Semiurban.zip: incomplete (3627884544/6375875182 bytes)
03-Rural.zip: verified; 93 members
01-Basic.zip: verified; 118 members
02-Semiurban.zip: incomplete (3719114752/6375875182 bytes)
03-Rural.zip: verified; 93 members
01-Basic.zip: verified; 118 members
02-Semiurban.zip: incomplete (3809873920/6375875182 bytes)
03-Rural.zip: verified; 93 members
01-Basic.zip: verified; 118 members
02-Semiurban.zip: incomplete (3903823872/6375875182 bytes)
03-Rural.zip: verified; 93 members
01-Basic.zip: verified; 118 members
02-Semiurban.zip: incomplete (3986550784/6375875182 bytes)
03-Rural.zip: verified; 93 members
01-Basic.zip: verified; 118 members
02-Semiurban.zip: incomplete (4070948864/6375875182 bytes)
03-Rural.zip: verified; 93 members
01-Basic.zip: verified; 118 members
02-Semiurban.zip: incomplete (4173062144/6375875182 bytes)
03-Rural.zip: verified; 93 members
01-Basic.zip: verified; 118 members
02-Semiurban.zip: incomplete (4260286464/6375875182 bytes)
03-Rural.zip: verified; 93 members
01-Basic.zip: verified; 118 members
02-Semiurban.zip: incomplete (4394860544/6375875182 bytes)
03-Rural.zip: verified; 93 members
01-Basic.zip: verified; 118 members
02-Semiurban.zip: incomplete (4488732672/6375875182 bytes)
03-Rural.zip: verified; 93 members
01-Basic.zip: verified; 118 members
02-Semiurban.zip: incomplete (4587925504/6375875182 bytes)
03-Rural.zip: verified; 93 members
01-Basic.zip: verified; 118 members
02-Semiurban.zip: incomplete (4680142848/6375875182 bytes)
03-Rural.zip: verified; 93 members
01-Basic.zip: verified; 118 members
02-Semiurban.zip: incomplete (4790984704/6375875182 bytes)
03-Rural.zip: verified; 93 members
01-Basic.zip: verified; 118 members
02-Semiurban.zip: incomplete (4884463616/6375875182 bytes)
03-Rural.zip: verified; 93 members
01-Basic.zip: verified; 118 members
02-Semiurban.zip: incomplete (4978225152/6375875182 bytes)
03-Rural.zip: verified; 93 members
01-Basic.zip: verified; 118 members
02-Semiurban.zip: incomplete (5092642816/6375875182 bytes)
03-Rural.zip: verified; 93 members
01-Basic.zip: verified; 118 members
02-Semiurban.zip: incomplete (5184102400/6375875182 bytes)
03-Rural.zip: verified; 93 members
01-Basic.zip: verified; 118 members
02-Semiurban.zip: incomplete (5276786688/6375875182 bytes)
03-Rural.zip: verified; 93 members
01-Basic.zip: verified; 118 members
02-Semiurban.zip: incomplete (5368791040/6375875182 bytes)
03-Rural.zip: verified; 93 members
01-Basic.zip: verified; 118 members
02-Semiurban.zip: incomplete (5469855744/6375875182 bytes)
03-Rural.zip: verified; 93 members
01-Basic.zip: verified; 118 members
02-Semiurban.zip: incomplete (5570199552/6375875182 bytes)
03-Rural.zip: verified; 93 members
01-Basic.zip: verified; 118 members
02-Semiurban.zip: incomplete (5680144384/6375875182 bytes)
03-Rural.zip: verified; 93 members
01-Basic.zip: verified; 118 members
02-Semiurban.zip: incomplete (5808074752/6375875182 bytes)
03-Rural.zip: verified; 93 members
01-Basic.zip: verified; 118 members
02-Semiurban.zip: incomplete (5912641536/6375875182 bytes)
03-Rural.zip: verified; 93 members
01-Basic.zip: verified; 118 members
02-Semiurban.zip: incomplete (6048538624/6375875182 bytes)
03-Rural.zip: verified; 93 members
01-Basic.zip: verified; 118 members
02-Semiurban.zip: incomplete (6173245440/6375875182 bytes)
03-Rural.zip: verified; 93 members
01-Basic.zip: verified; 118 members
02-Semiurban.zip: incomplete (6288904192/6375875182 bytes)
03-Rural.zip: verified; 93 members
01-Basic.zip: verified; 118 members
02-Semiurban.zip: computing MD5 and SHA256
02-Semiurban.zip: verified; 202 members
03-Rural.zip: verified; 93 members
All three archives verified. Semantic audit remains pending.
