METADATA 01-Basic/train: 7 events
PCAP 01-Basic/raw/train/pcap/switch-n318-pcap-mir3.pcap: 113637 records
PCAP 01-Basic/raw/train/pcap/switch-n302-pcap-mir2.pcap: 618591 records
PCAP 01-Basic/raw/train/pcap/switch-n303-pcap-mir6.pcap: 101369 records
PCAP 01-Basic/raw/train/pcap/switch-n321-pcap-mir2.pcap: 23113 records
STATE 01-Basic/train.n302.state.gz: 10000 rows
STATE 01-Basic/train.n302.state.gz: 20000 rows
STATE 01-Basic/train.n302.state.gz: 30000 rows
STATE 01-Basic/train.n302.state.gz: 40000 rows
METADATA 01-Basic/test: 28 events
PCAP 01-Basic/raw/test/pcap/switch-n318-pcap-mir3.pcap: 142192 records
PCAP 01-Basic/raw/test/pcap/switch-n302-pcap-mir2.pcap: 571290 records
PCAP 01-Basic/raw/test/pcap/switch-n303-pcap-mir6.pcap: 90250 records
PCAP 01-Basic/raw/test/pcap/switch-n321-pcap-mir2.pcap: 28025 records
STATE 01-Basic/test.n302.state.gz: 10000 rows
STATE 01-Basic/test.n302.state.gz: 20000 rows
STATE 01-Basic/test.n302.state.gz: 30000 rows
STATE 01-Basic/test.n302.state.gz: 40000 rows
NESTED 01-Basic/raw/test/control-center.zip: inventoried, quarantined
NESTED 01-Basic/raw/test/physical.zip: inventoried, quarantined
NESTED 01-Basic/raw/train/control-center.zip: inventoried, quarantined
NESTED 01-Basic/raw/train/physical.zip: inventoried, quarantined
METADATA 02-Semiurban/train: 9 events
PCAP 02-Semiurban/raw/train/pcap/switch-n523-pcap-mir2.pcap: 79395 records
PCAP 02-Semiurban/raw/train/pcap/switch-n532-pcap-mir2.pcap: 719958 records
PCAP 02-Semiurban/raw/train/pcap/switch-n407-pcap-mir5.pcap: 219476 records
PCAP 02-Semiurban/raw/train/pcap/switch-n495-pcap-mir4.pcap: 1573899 records
PCAP 02-Semiurban/raw/train/pcap/switch-n406-pcap-mir2.pcap: 4865672 records
PCAP 02-Semiurban/raw/train/pcap/switch-n502-pcap-mir3.pcap: 760125 records
STATE 02-Semiurban/train.n406.state.gz: 10000 rows
STATE 02-Semiurban/train.n406.state.gz: 20000 rows
STATE 02-Semiurban/train.n406.state.gz: 30000 rows
STATE 02-Semiurban/train.n406.state.gz: 40000 rows
METADATA 02-Semiurban/test: 39 events
PCAP 02-Semiurban/raw/test/pcap/switch-n523-pcap-mir4.pcap: 347820 records
PCAP 02-Semiurban/raw/test/pcap/switch-n532-pcap-mir2.pcap: 708248 records
PCAP 02-Semiurban/raw/test/pcap/switch-n407-pcap-mir5.pcap: 198296 records
PCAP 02-Semiurban/raw/test/pcap/switch-n495-pcap-mir4.pcap: 1554906 records
PCAP 02-Semiurban/raw/test/pcap/switch-n406-pcap-mir2.pcap: 4526462 records
PCAP 02-Semiurban/raw/test/pcap/switch-n502-pcap-mir3.pcap: 792397 records
STATE 02-Semiurban/test.n406.state.gz: 10000 rows
STATE 02-Semiurban/test.n406.state.gz: 20000 rows
STATE 02-Semiurban/test.n406.state.gz: 30000 rows
STATE 02-Semiurban/test.n406.state.gz: 40000 rows
NESTED 02-Semiurban/raw/test/control-center.zip: inventoried, quarantined
NESTED 02-Semiurban/raw/test/physical.zip: inventoried, quarantined
NESTED 02-Semiurban/raw/train/control-center.zip: inventoried, quarantined
NESTED 02-Semiurban/raw/train/physical.zip: inventoried, quarantined
METADATA 03-Rural/test: 36 events
PCAP 03-Rural/raw/test/pcap/switch-n402-pcap-mir2.pcap: 3057108 records
PCAP 03-Rural/raw/test/pcap/switch-n468-pcap-mir3.pcap: 635114 records
PCAP 03-Rural/raw/test/pcap/switch-n502-pcap-mir4.pcap: 470882 records
PCAP 03-Rural/raw/test/pcap/switch-n493-pcap-mir4.pcap: 749635 records
PCAP 03-Rural/raw/test/pcap/switch-n484-pcap-mir4.pcap: 676866 records
PCAP 03-Rural/raw/test/pcap/switch-n403-pcap-mir5.pcap: 173644 records
PCAP 03-Rural/raw/test/pcap/switch-n472-pcap-mir4.pcap: 637318 records
PCAP 03-Rural/raw/test/pcap/switch-n477-pcap-mir3.pcap: 731445 records
STATE 03-Rural/test.n402.state.gz: 10000 rows
STATE 03-Rural/test.n402.state.gz: 20000 rows
STATE 03-Rural/test.n402.state.gz: 30000 rows
STATE 03-Rural/test.n402.state.gz: 40000 rows
NESTED 03-Rural/raw/test/control-center.zip: inventoried, quarantined
NESTED 03-Rural/raw/test/physical.zip: inventoried, quarantined
